size is 6373
AVL:
0: 5382(5382)X
1: 2992+(5382)L 7448+(5382)R
2: 1617(2992+)L 3768(2992+)R 6513[2]+(7448+)L 8914(7448+)R
3: 743+(1617)L 2488+(1617)R 3389(3768)L 4375(3768)R 5887[3]+(6513[2]+)L 7144-(6513[2]+)R 8592(8914)L 9461[3](8914)R
4: 391(743+)L 1107[2](743+)R 2014+(2488+)L 2815[2](2488+)R 3103(3389)L 3564-(3389)R 4124(4375)L 4745(4375)R 5810+(5887[3]+)L 6088(5887[3]+)R 6786(7144-)L 7207-(7144-)R 8366+(8592)L 8844+(8592)R 9270-(9461[3])L 9696-(9461[3])R
5: 168(391)L 468(391)R 1005+(1107[2])L 1340(1107[2])R 1728-(2014+)L 2197(2014+)R 2597(2815[2])L 2876-(2815[2])R 3049(3103)L 3304-(3103)R =3474[4](3564-)L 3616(3564-)R 3862(4124)L 4183[3]-(4124)R 4545-(4745)L 4811(4745)R 5515[3]-(5810+)L 5845+(5810+)R 5995[2](6088)L 6464+(6088)R =6765(6786)L =6952[2](6786)R =7188(7207-)L 7268+(7207-)R 7827[2]+(8366+)L =8409(8366+)R 8608+(8844+)L =8857[3](8844+)R =8997[2](9270-)L 9277+(9270-)R =9627(9696-)L 9945+(9696-)R
6: 124[2](168)L 182(168)R 401-(468)L 545(468)R =913(1005+)L =1235(1340)L =1563[3](1340)R =1672(1728-)L 1987[2]+(1728-)R =2028[3](2197)L =2205[2](2197)R =2549(2597)L =2610(2597)R =2922(2876-)R =3044[2](3049)L =3074[3](3049)R =3349(3304-)R =3589(3616)L =3630(3616)R =3821(3862)L =3917[2](3862)R =4270(4183[3]-)R =4722(4545-)R =4786(4811)L =5093[3](4811)R =5469(5515[3]-)L 5528-(5515[3]-)R =5822[2](5845+)L =5950(5995[2])L =6017[2](5995[2])R =6116[2](6464+)L =7262(7268+)L =7528[3](7827[2]+)L =8595(8608+)L =9271[2](9277+)L =9734[2](9945+)L
7: =111(124[2])L =139(124[2])R =175(182)L =301(182)R =431(401-)R =489(545)L =734(545)R =1771(1987[2]+)L =5571(5528-)R
debug: [5382 [2992+ [1617 [743+ [391 [168 [124[2] [111] [139]] [182 [175] [301]]] [468 [401- [431]] [545 [489] [734]]]] [1107[2] [1005+ [913]] [1340 [1235] [1563[3]]]]] [2488+ [2014+ [1728- [1672] [1987[2]+ [1771]]] [2197 [2028[3]] [2205[2]]]] [2815[2] [2597 [2549] [2610]] [2876- [2922]]]]] [3768 [3389 [3103 [3049 [3044[2]] [3074[3]]] [3304- [3349]]] [3564- [3474[4]] [3616 [3589] [3630]]]] [4375 [4124 [3862 [3821] [3917[2]]] [4183[3]- [4270]]] [4745 [4545- [4722]] [4811 [4786] [5093[3]]]]]]] [7448+ [6513[2]+ [5887[3]+ [5810+ [5515[3]- [5469] [5528- [5571]]] [5845+ [5822[2]]]] [6088 [5995[2] [5950] [6017[2]]] [6464+ [6116[2]]]]] [7144- [6786 [6765] [6952[2]]] [7207- [7188] [7268+ [7262]]]]] [8914 [8592 [8366+ [7827[2]+ [7528[3]]] [8409]] [8844+ [8608+ [8595]] [8857[3]]]] [9461[3] [9270- [8997[2]] [9277+ [9271[2]]]] [9696- [9627] [9945+ [9734[2]]]]]]]]
size is 108
Duplicates: 40
Nodes: 108
Minimum depth: 5
Maximum depth: 7
