AVL:
0: 10+(10+)X
1: 4[3](10+)L 12[3](10+)R
2: 1[2](4[3])L 9+(4[3])R =11(12[3])L =14[3](12[3])R
3: =0[3](1[2])L =3(1[2])R =7(9+)L
debug: [10+ [4[3] [1[2] [0[3]] [3]] [9+ [7]]] [12[3] [11] [14[3]]]]
size is 10
Duplicates: 9
Nodes: 10
Minimum depth: 2
Maximum depth: 3
