size is 6289
AVL:
0: 3249(3249)X
1: 1999+(3249)L 5852[2](3249)R
2: 1284+(1999+)L 2652[2]-(1999+)R 4145-(5852[2])L 8328(5852[2])R
3: 597+(1284+)L 1673+(1284+)R 2216[2]-(2652[2]-)L 2793+(2652[2]-)R 3781(4145-)L 5170-(4145-)R 7580[2](8328)L 9370+(8328)R
4: 333+(597+)L 775(597+)R 1597[2]-(1673+)L 1685[4]-(1673+)R =2006(2216[2]-)L 2519+(2216[2]-)R 2746-(2793+)L 2895(2793+)R 3670(3781)L 3949-(3781)R 4752(5170-)L 5643+(5170-)R 6553[2](7580[2])L 8134-(7580[2])R 8862[2]-(9370+)L 9735(9370+)R
5: 123+(333+)L 389[2]+(333+)R 713[2](775)L 954+(775)R =1483(1597[2]-)L 1636(1597[2]-)R =1803(1685[4]-)R =2364(2519+)L =2687(2746-)L 2750[2]-(2746-)R =2883(2895)L =2923[2](2895)R 3500[3](3670)L 3750+(3670)R =3856[2](3949-)L 3987-(3949-)R 4552(4752)L 4874(4752)R 5346(5643+)L 5754(5643+)R 6411+(6553[2])L 7064+(6553[2])R 8008(8134-)L 8240[2]+(8134-)R 8360[2](8862[2]-)L 9075(8862[2]-)R 9616(9735)L 9904(9735)R
6: 19[2]-(123+)L =163(123+)R =355[3](389[2]+)L =661(713[2])L =762[4](713[2])R =868(954+)L =1619[2](1636)L =1652(1636)R =2755(2750[2]-)R =3361(3500[3])L =3505(3500[3])R =3730(3750+)L =3991(3987-)R =4511[2](4552)L =4641(4552)R =4817(4874)L =5037(4874)R 5275[2]+(5346)L 5394-(5346)R =5706[2](5754)L =5782(5754)R 6202(6411+)L =6432[3](6411+)R 6595-(7064+)L =7137(7064+)R =7818[3](8008)L =8068[3](8008)R 8196+(8240[2]+)L =8295(8240[2]+)R =8333[2](8360[2])L =8423[2](8360[2])R 8874-(9075)L 9108(9075)R =9558(9616)L =9653[2](9616)R =9853[2](9904)L =9918(9904)R
7: =50(19[2]-)R =5248(5275[2]+)L =5506[2](5394-)R =5994(6202)L =6210[2](6202)R =6625[2](6595-)R =8167(8196+)L =8975(8874-)R =9087(9108)L =9184(9108)R
debug: [3249 [1999+ [1284+ [597+ [333+ [123+ [19[2]- [50]] [163]] [389[2]+ [355[3]]]] [775 [713[2] [661] [762[4]]] [954+ [868]]]] [1673+ [1597[2]- [1483] [1636 [1619[2]] [1652]]] [1685[4]- [1803]]]] [2652[2]- [2216[2]- [2006] [2519+ [2364]]] [2793+ [2746- [2687] [2750[2]- [2755]]] [2895 [2883] [2923[2]]]]]] [5852[2] [4145- [3781 [3670 [3500[3] [3361] [3505]] [3750+ [3730]]] [3949- [3856[2]] [3987- [3991]]]] [5170- [4752 [4552 [4511[2]] [4641]] [4874 [4817] [5037]]] [5643+ [5346 [5275[2]+ [5248]] [5394- [5506[2]]]] [5754 [5706[2]] [5782]]]]] [8328 [7580[2] [6553[2] [6411+ [6202 [5994] [6210[2]]] [6432[3]]] [7064+ [6595- [6625[2]]] [7137]]] [8134- [8008 [7818[3]] [8068[3]]] [8240[2]+ [8196+ [8167]] [8295]]]] [9370+ [8862[2]- [8360[2] [8333[2]] [8423[2]]] [9075 [8874- [8975]] [9108 [9087] [9184]]]] [9735 [9616 [9558] [9653[2]]] [9904 [9853[2]] [9918]]]]]]]
size is 106
Duplicates: 42
Nodes: 106
Minimum depth: 4
Maximum depth: 7
