size is 6303
AVL:
0: 4167(4167)X
1: 1966+(4167)L 6537(4167)R
2: 1022-(1966+)L 2845(1966+)R 4914-(6537)L 8664(6537)R
3: 667(1022-)L 1470+(1022-)R 2402(2845)L 3323(2845)R 4526[2]-(4914-)L 5304-(4914-)R 8152+(8664)L 9170(8664)R
4: 564+(667)L 792-(667)R 1048[3]-(1470+)L 1661[2]-(1470+)R 2360+(2402)L 2466-(2402)R 3179[2]+(3323)L 3548+(3323)R 4242[2](4526[2]-)L 4793(4526[2]-)R 5006-(5304-)L 5840[2](5304-)R 7355[2](8152+)L 8382+(8152+)R 8890-(9170)L 9483[3](9170)R
5: 502+(564+)L =572(564+)R =678[2](792-)L 820-(792-)R 1023-(1048[3]-)L 1080+(1048[3]-)R =1522(1661[2]-)L 1809-(1661[2]-)R 2262+(2360+)L =2386(2360+)R =2439(2466-)L 2608[2]+(2466-)R 2971-(3179[2]+)L =3267[2](3179[2]+)R 3413(3548+)L =3782(3548+)R =4212(4242[2])L =4446(4242[2])R 4624+(4793)L 4873+(4793)R =4950(5006-)L 5140+(5006-)R 5504-(5840[2])L 6339(5840[2])R 6679+(7355[2])L 7716-(7355[2])R 8305+(8382+)L =8402(8382+)R 8775-(8890-)L 9015-(8890-)R 9211-(9483[3])L 9612[2](9483[3])R
6: =159[2](502+)L =891(820-)R =1034(1023-)R 1056+(1080+)L =1208(1080+)R =1869[3](1809-)R =1996(2262+)L =2556(2608[2]+)L =3052[3](2971-)R =3339[3](3413)L =3441(3413)R =4581(4624+)L =4798(4873+)L =5016(5140+)L =5421(5504-)L 5692+(5504-)R 6047(6339)L 6391[3](6339)R 6592+(6679+)L =7071(6679+)R =7580(7716-)L 7784(7716-)R =8170[3](8305+)L =8791(8775-)R =8953(9015-)L 9029[2]-(9015-)R =9187(9211-)L 9392[2]-(9211-)R 9504-(9612[2])L 9989-(9612[2])R
7: =1049(1056+)L =5508(5692+)L =5999(6047)L =6237(6047)R =6358(6391[3])L =6393(6391[3])R =6541(6592+)L =7719[2](7784)L =8009(7784)R =9040[2](9029[2]-)R =9420(9392[2]-)R =9519(9504-)R =9994(9989-)R
debug: [4167 [1966+ [1022- [667 [564+ [502+ [159[2]]] [572]] [792- [678[2]] [820- [891]]]] [1470+ [1048[3]- [1023- [1034]] [1080+ [1056+ [1049]] [1208]]] [1661[2]- [1522] [1809- [1869[3]]]]]] [2845 [2402 [2360+ [2262+ [1996]] [2386]] [2466- [2439] [2608[2]+ [2556]]]] [3323 [3179[2]+ [2971- [3052[3]]] [3267[2]]] [3548+ [3413 [3339[3]] [3441]] [3782]]]]] [6537 [4914- [4526[2]- [4242[2] [4212] [4446]] [4793 [4624+ [4581]] [4873+ [4798]]]] [5304- [5006- [4950] [5140+ [5016]]] [5840[2] [5504- [5421] [5692+ [5508]]] [6339 [6047 [5999] [6237]] [6391[3] [6358] [6393]]]]]] [8664 [8152+ [7355[2] [6679+ [6592+ [6541]] [7071]] [7716- [7580] [7784 [7719[2]] [8009]]]] [8382+ [8305+ [8170[3]]] [8402]]] [9170 [8890- [8775- [8791]] [9015- [8953] [9029[2]- [9040[2]]]]] [9483[3] [9211- [9187] [9392[2]- [9420]]] [9612[2] [9504- [9519]] [9989- [9994]]]]]]]]
size is 106
Duplicates: 29
Nodes: 106
Minimum depth: 5
Maximum depth: 7
