size is 6384
AVL:
0: 4970(4970)X
1: 2328(4970)L 7168-(4970)R
2: 1201(2328)L 3214-(2328)R 6055(7168-)L 8667-(7168-)R
3: 388[2](1201)L 1595+(1201)R 2728-(3214-)L 3791+(3214-)R 5445+(6055)L 6650(6055)R 8029[2](8667-)L 9242-(8667-)R
4: 150-(388[2])L 772[3](388[2])R 1407+(1595+)L 2133[3](1595+)R 2568(2728-)L 2969[2](2728-)R 3268[2]-(3791+)L 4532(3791+)R 5275+(5445+)L 5651[2](5445+)R 6548(6650)L 6895(6650)R 7338[3]-(8029[2])L 8384+(8029[2])R 9162+(9242-)L 9464-(9242-)R
5: 32(150-)L 216-(150-)R 613+(772[3])L 1081-(772[3])R 1264[2](1407+)L 1450(1407+)R 1929[2](2133[3])L 2262[2]+(2133[3])R =2491(2568)L =2598(2568)R 2926+(2969[2])L 3070-(2969[2])R 3216-(3268[2]-)L 3518+(3268[2]-)R 3861(4532)L 4678[3]+(4532)R 5144[2](5275+)L =5282(5275+)R =5617(5651[2])L =5819(5651[2])R 6417[2]+(6548)L 6570[2]-(6548)R 6696(6895)L 6918+(6895)R =7254(7338[3]-)L 7723[3]-(7338[3]-)R 8177+(8384+)L =8542(8384+)R 9008+(9162+)L =9190[2](9162+)R 9363(9464-)L 9576-(9464-)R
6: =9(32)L =81(32)R =184(216-)L 332+(216-)R 545+(613+)L =741(613+)R =899(1081-)L 1129[2](1081-)R 1234+(1264[2])L 1337-(1264[2])R =1416(1450)L =1585(1450)R =1721[2](1929[2])L =1997(1929[2])R =2148(2262[2]+)L =2777(2926+)L =3075(3070-)R =3223(3216-)R 3400[2]+(3518+)L =3626[2](3518+)R =3860(3861)L =3982(3861)R =4603(4678[3]+)L =5004(5144[2])L =5233(5144[2])R =6191(6417[2]+)L =6597(6570[2]-)R =6680(6696)L =6835[2](6696)R =6904(6918+)L =7827[3](7723[3]-)R =8084(8177+)L =8850(9008+)L =9257(9363)L =9422[4](9363)R =9538(9576-)L 9721+(9576-)R
7: =246(332+)L =541(545+)L =1116(1129[2])L =1159(1129[2])R =1231(1234+)L =1381[2](1337-)R =3283(3400[2]+)L =9603(9721+)L
debug: [4970 [2328 [1201 [388[2] [150- [32 [9] [81]] [216- [184] [332+ [246]]]] [772[3] [613+ [545+ [541]] [741]] [1081- [899] [1129[2] [1116] [1159]]]]] [1595+ [1407+ [1264[2] [1234+ [1231]] [1337- [1381[2]]]] [1450 [1416] [1585]]] [2133[3] [1929[2] [1721[2]] [1997]] [2262[2]+ [2148]]]]] [3214- [2728- [2568 [2491] [2598]] [2969[2] [2926+ [2777]] [3070- [3075]]]] [3791+ [3268[2]- [3216- [3223]] [3518+ [3400[2]+ [3283]] [3626[2]]]] [4532 [3861 [3860] [3982]] [4678[3]+ [4603]]]]]] [7168- [6055 [5445+ [5275+ [5144[2] [5004] [5233]] [5282]] [5651[2] [5617] [5819]]] [6650 [6548 [6417[2]+ [6191]] [6570[2]- [6597]]] [6895 [6696 [6680] [6835[2]]] [6918+ [6904]]]]] [8667- [8029[2] [7338[3]- [7254] [7723[3]- [7827[3]]]] [8384+ [8177+ [8084]] [8542]]] [9242- [9162+ [9008+ [8850]] [9190[2]]] [9464- [9363 [9257] [9422[4]]] [9576- [9538] [9721+ [9603]]]]]]]]
size is 108
Duplicates: 33
Nodes: 108
Minimum depth: 5
Maximum depth: 7
