size is 6384
pre-order: [216 [32 [9] [114]] [541 [246 [311]] [4970 [1450 [963 [741] [1381 [1099 [1012] [1274 [1187]]]]] [2484 [1602 [1478] [1805 [1615] [2112 [1884] [2212 [2262]]]]] [3695 [2746 [2714 [2617 [2580]]] [3594 [3132 [2868 [2969 [2926] [3070]]] [3283 [3201] [3324 [3290]]]] [3670 [3682]]]] [4526 [4433 [3903 [4255 [4115 [3979]] [4331 [4274]]]] [4447]] [4593 [4811]]]]]] [5651 [5617 [5144 [4985 [5004 [5060]]] [5442 [5262 [5319]] [5447]]]] [7837 [7166 [6108 [5826 [5852 [5924]]] [6973 [6191 [6696 [6529 [6194 [6363]] [6548]]]] [6992 [7013 [7038]]]]] [7183 [7316 [7595]]]] [8625 [7851 [7989 [8158 [8046] [8382 [8582 [8583]]]]]] [9464 [9422 [9162 [8988 [8837 [8806 [8748]]] [9012]] [9253 [9267 [9257]]]]] [9612 [9907 [9729]]]]]]]]]]
level: 216
32 541
9 114 246 4970
311 1450 5651
963 2484 5617 7837
741 1381 1602 3695 5144 7166 8625
1099 1478 1805 2746 4526 4985 5442 6108 7183 7851 9464
1012 1274 1615 2112 2714 3594 4433 4593 5004 5262 5447 5826 6973 7316 7989 9422 9612
1187 1884 2212 2617 3132 3670 3903 4447 4811 5060 5319 5852 6191 6992 7595 8158 9162 9907
2262 2580 2868 3283 3682 4255 5924 6696 7013 8046 8382 8988 9253 9729
2969 3201 3324 4115 4331 6529 7038 8582 8837 9012 9267
2926 3070 3290 3979 4274 6194 6548 8583 8806 9257
6363 8748
size is 104
Nodes: 104
Minimum depth: 2
Maximum depth: 12
