pre-order: [0 [5 [1] [8 [9]]]]
level: 0
5
1 8
9
size is 5
pre-order: [1 [5 [9]]]
level: 1
5
9
size is 3
Nodes: 3
Minimum depth: 0
Maximum depth: 2
