size is 6373
pre-order: [9696 [7528 [3074 [365 [111 [16] [139 [267 [175]]]] [2597 [2366 [826 [1563 [895 [1289 [979 [1235 [1145 [1151]] [1273]]] [1374 [1340]]]] [1593 [2077 [1903 [1771 [1728 [1664 [1673]] [1762]]] [2028 [1909]]]]]]] [2453 [2548]]] [2730 [2634] [2785 [2762] [2881 [2855]]]]]] [5417 [5124 [4939 [3907 [3103 [3304 [3399 [3659 [3439 [3560]]]]]] [4428 [4075 [3943 [3917] [3969]] [4150 [4305 [4226]]]] [4811 [4442] [4817]]]]]] [6920 [6709 [5447 [5887 [5654 [5493 [5498 [5515]]] [5845]] [6203 [5950 [6017]] [6221 [6245 [6513 [6427 [6352 [6278]]]]]]]]] [6765 [6786]]] [6986 [7144 [7188 [7262 [7348 [7268]]]]]]]]] [7732 [8595 [8060 [7746 [7809 [7889 [7827] [7892]]]] [8316 [8167 [8225 [8221 [8184]]]] [8409]]] [8876 [8608] [8910 [9027 [9186 [9431 [9270 [9212]] [9447 [9579 [9461]]]]]]]]]]] [9887 [9845 [9866]]]]
level: 9696
7528 9887
3074 7732 9845
365 5417 8595 9866
111 2597 5124 6920 8060 8876
16 139 2366 2730 4939 6709 6986 7746 8316 8608 8910
267 826 2453 2634 2785 3907 5447 6765 7144 7809 8167 8409 9027
175 1563 2548 2762 2881 3103 4428 5887 6786 7188 7889 8225 9186
895 1593 2855 3304 4075 4811 5654 6203 7262 7827 7892 8221 9431
1289 2077 3399 3943 4150 4442 4817 5493 5845 5950 6221 7348 8184 9270 9447
979 1374 1903 3659 3917 3969 4305 5498 6017 6245 7268 9212 9579
1235 1340 1771 2028 3439 4226 5515 6513 9461
1145 1273 1728 1909 3560 6427
1151 1664 1762 6352
1673 6278
size is 115
Nodes: 115
Minimum depth: 1
Maximum depth: 14
