size is 6303
pre-order: [3940 [564 [292 [159] [502 [507 [521]]]] [3358 [2744 [2301 [1378 [1208 [959 [792 [629 [685 [645]]] [891 [808]]] [1022 [1025]]] [1284 [1286]]] [1966 [1661 [1536 [1446 [1386]]] [1809 [1812 [1834 [1819]]]]] [2184]]] [2402 [2556 [2511] [2603]]]] [3121 [2829 [2754]] [3125 [3267]]]] [3693 [3550 [3405 [3495 [3413]]] [3574]] [3782]]]] [8170 [5421 [4030 [4581 [4453 [4330 [4096 [4167 [4133]]]]] [4990 [4758 [4588] [4914 [4940 [4950]]]] [5016]]]] [7851 [6391 [6047 [5508 [5881 [5706 [5632 [5644]] [5805]] [5956 [5948 [5943 [5913]]]]]]] [7262 [6541 [6443 [6471 [6444]]] [6592 [7020 [6679 [6829 [6775 [6761] [6825]]]] [7047]]]] [7426 [7326 [7339]]]]] [7935 [7873 [7934]]]]] [9641 [8897 [8637 [8527 [8382 [8212 [8254]] [8433]]] [8743 [8656] [8791]]] [9483 [9420 [9016]] [9519 [9487]]]] [9835 [9766] [9912 [9854] [9995]]]]]]
level: 3940
564 8170
292 3358 5421 9641
159 502 2744 3693 4030 7851 8897 9835
507 2301 3121 3550 3782 4581 6391 7935 8637 9483 9766 9912
521 1378 2402 2829 3125 3405 3574 4453 4990 6047 7262 7873 8527 8743 9420 9519 9854 9995
1208 1966 2556 2754 3267 3495 4330 4758 5016 5508 6541 7426 7934 8382 8656 8791 9016 9487
959 1284 1661 2184 2511 2603 3413 4096 4588 4914 5881 6443 6592 7326 8212 8433
792 1022 1286 1536 1809 4167 4940 5706 5956 6471 7020 7339 8254
629 891 1025 1446 1812 4133 4950 5632 5805 5948 6444 6679 7047
685 808 1386 1834 5644 5943 6829
645 1819 5913 6775
6761 6825
size is 118
Nodes: 118
Minimum depth: 3
Maximum depth: 12
