size is 6289
pre-order: [592 [355 [97 [19]]] [5346 [3450 [1284 [1015 [896 [762 [763]]]] [1339 [2513 [2280 [1376 [1926 [1683 [1658 [1429 [1421]]]] [1999 [1944]]]] [2427 [2281]]] [3150 [2923 [2946 [3053 [3003]]]] [3324 [3188 [3249 [3219]]] [3332]]]]]] [3974 [3783 [3500] [3787 [3918 [3856]]]] [4038 [3991] [4665 [4752 [5207 [4817] [5248 [5275 [5312]]]]]]]]] [7376 [7200 [6275 [6210 [5706 [5741 [5852 [5799 [5815]] [5979 [6019 [6083 [6025]]]]]]] [6257]] [6432 [6650 [7052 [6930 [7044]]]]]]] [9558 [8627 [8360 [8183 [8167 [8035 [7450 [7754 [7562 [7466] [7629 [7580]]]]]]] [8277 [8328 [8333]]]]] [9075 [8874 [8862] [8912]]]] [9910 [9803 [9735 [9653] [9771]]]]]]]]
level: 592
355 5346
97 3450 7376
19 1284 3974 7200 9558
1015 1339 3783 4038 6275 8627 9910
896 2513 3500 3787 3991 4665 6210 6432 8360 9075 9803
762 2280 3150 3918 4752 5706 6257 6650 8183 8874 9735
763 1376 2427 2923 3324 3856 5207 5741 7052 8167 8277 8862 8912 9653 9771
1926 2281 2946 3188 3332 4817 5248 5852 6930 8035 8328
1683 1999 3053 3249 5275 5799 5979 7044 7450 8333
1658 1944 3003 3219 5312 5815 6019 7754
1429 6083 7562
1421 6025 7466 7629
7580
size is 92
Nodes: 92
Minimum depth: 1
Maximum depth: 13
