pre-order: [70 [53 [32 [27 [21 [16 [9 [8 [5]] [12 [11] [15]]] [19 [17 [18]] [20]]] [24 [26]]] [30 [29 [28]] [31]]] [51 [36 [35 [34]] [37 [46 [42 [39 [40]]]]]] [52]]] [68 [58 [60 [67 [62 [64]]]]] [69]]] [101 [92 [75 [71 [72 [73]]] [83 [80 [77 [76] [78 [79]]]] [84 [87 [85 [86]] [91]]]]] [96 [93] [99 [98 [97]] [100]]]] [123 [122 [118 [106 [103 [102] [104 [105]]] [108 [107] [111 [109 [110]] [114 [113 [112]] [116 [115] [117]]]]]] [120 [121]]]] [134 [127 [124 [125 [126]]] [129 [128] [131]]] [165 [142 [140 [138 [135]]] [147 [145 [144 [143]]] [155 [154 [152 [150 [149]]]] [160 [162]]]]] [171 [170 [169 [167 [168]]]] [187 [176 [174 [172 [173]] [175]] [184 [180 [178 [179]]] [185 [186]]]] [189 [188]]]]]]]]]
level: 70
53 101
32 68 92 123
27 51 58 69 75 96 122 134
21 30 36 52 60 71 83 93 99 118 127 165
16 24 29 31 35 37 67 72 80 84 98 100 106 120 124 129 142 171
9 19 26 28 34 46 62 73 77 87 97 103 108 121 125 128 131 140 147 170 187
8 12 17 20 42 64 76 78 85 91 102 104 107 111 126 138 145 155 169 176 189
5 11 15 18 39 79 86 105 109 114 135 144 154 160 167 174 184 188
40 110 113 116 143 152 162 168 172 175 180 185
112 115 117 150 173 178 186
149 179
size is 126
pre-order: [70 [60 [32 [30 [24 [17 [9] [19 [20]]]]] [39 [36 [35 [34]] [37]]]] [67 [62]]] [102 [93 [75 [86 [80 [78]]]] [96 [99]]] [124 [118 [117 [106 [103] [108 [107] [111 [114 [113 [112]] [115]]]]]]] [134 [128 [125 [126]]] [165 [144 [145]] [172 [170 [169 [167]]] [186 [184 [173]]]]]]]]]
level: 70
60 102
32 67 93 124
30 39 62 75 96 118 134
24 36 86 99 117 128 165
17 35 37 80 106 125 144 172
9 19 34 78 103 108 126 145 170 186
20 107 111 169 184
114 167 173
113 115
112
size is 50
Nodes: 50
Minimum depth: 2
Maximum depth: 10
