pre-order: [117 [41 [32 [23 [0 [9 [6 [4 [1 [3]] [5]]] [15 [14 [13 [12]]] [19 [21 [20]]]]]] [29 [26 [28]] [31]]] [33 [34 [37 [35] [38 [39]]]]]] [90 [64 [43 [56 [50 [44] [51 [53]]] [59 [58] [60]]]] [71 [65 [69 [66]]] [79 [75 [74 [73]] [78 [76]]] [85 [84] [88 [89]]]]]] [105 [93 [91] [96 [94 [95]] [97 [99]]]] [106 [112 [107 [111]]]]]]] [123 [122 [121 [119 [118] [120]]]] [168 [156 [124 [149 [139 [133 [132 [125 [131 [130 [127]]]]] [135 [134] [138]]] [148 [143 [141 [140]] [147 [145 [144]]]]]] [152 [150 [151]] [153 [154 [155]]]]]] [162 [157 [160 [158]]] [164 [166 [167]]]]] [187 [178 [176 [172 [175 [173]]]] [180 [185 [184 [181]] [186]]]] [188]]]]]
level: 117
41 123
32 90 122 168
23 33 64 105 121 156 187
0 29 34 43 71 93 106 119 124 162 178 188
9 26 31 37 56 65 79 91 96 112 118 120 149 157 164 176 180
6 15 28 35 38 50 59 69 75 85 94 97 107 139 152 160 166 172 185
4 14 19 39 44 51 58 60 66 74 78 84 88 95 99 111 133 148 150 153 158 167 175 184 186
1 5 13 21 53 73 76 89 132 135 143 151 154 173 181
3 12 20 125 134 138 141 147 155
131 140 145
130 144
127
size is 117
Nodes: 117
Minimum depth: 2
Maximum depth: 12
