pre-order: [10 [0 [4 [1 [3]] [9 [7]]]] [11 [14 [12]]]]
level: 10
0 11
4 14
1 9 12
3 7
size is 10
Nodes: 10
Minimum depth: 1
Maximum depth: 4
