size is 6384
GST:
0: 216(216)X
1: 32(216)L 541(216)R
2: =9(32)L =114(32)R 246(541)L 4970(541)R
3: =311(246)R 1450(4970)L 5651(4970)R
4: 963(1450)L 2484(1450)R 5617(5651)L 7837(5651)R
5: =741(963)L 1381(963)R 1602(2484)L 3695(2484)R 5144(5617)L 7166(7837)L 8625(7837)R
6: 1099(1381)L =1478(1602)L 1805(1602)R 2746(3695)L 4526(3695)R 4985(5144)L 5442(5144)R 6108(7166)L 7183(7166)R 7851(8625)L 9464(8625)R
7: =1012(1099)L 1274(1099)R =1615(1805)L 2112(1805)R 2714(2746)L 3594(2746)R 4433(4526)L 4593(4526)R 5004(4985)R 5262(5442)L =5447(5442)R 5826(6108)L 6973(6108)R 7316(7183)R 7989(7851)R 9422(9464)L 9612(9464)R
8: =1187(1274)L =1884(2112)L 2212(2112)R 2617(2714)L 3132(3594)L 3670(3594)R 3903(4433)L =4447(4433)R =4811(4593)R =5060(5004)R =5319(5262)R 5852(5826)R 6191(6973)L 6992(6973)R =7595(7316)R 8158(7989)R 9162(9422)L 9907(9612)R
9: =2262(2212)R =2580(2617)L 2868(3132)L 3283(3132)R =3682(3670)R 4255(3903)R =5924(5852)R 6696(6191)R 7013(6992)R =8046(8158)L 8382(8158)R 8988(9162)L 9253(9162)R =9729(9907)L
10: 2969(2868)R =3201(3283)L 3324(3283)R 4115(4255)L 4331(4255)R 6529(6696)L =7038(7013)R 8582(8382)R 8837(8988)L =9012(8988)R 9267(9253)R
11: =2926(2969)L =3070(2969)R =3290(3324)L =3979(4115)L =4274(4331)L 6194(6529)L =6548(6529)R =8583(8582)R 8806(8837)L =9257(9267)L
12: =6363(6194)R =8748(8806)L
debug: [216 [32 [9] [114]] [541 [246 [311]] [4970 [1450 [963 [741] [1381 [1099 [1012] [1274 [1187]]]]] [2484 [1602 [1478] [1805 [1615] [2112 [1884] [2212 [2262]]]]] [3695 [2746 [2714 [2617 [2580]]] [3594 [3132 [2868 [2969 [2926] [3070]]] [3283 [3201] [3324 [3290]]]] [3670 [3682]]]] [4526 [4433 [3903 [4255 [4115 [3979]] [4331 [4274]]]] [4447]] [4593 [4811]]]]]] [5651 [5617 [5144 [4985 [5004 [5060]]] [5442 [5262 [5319]] [5447]]]] [7837 [7166 [6108 [5826 [5852 [5924]]] [6973 [6191 [6696 [6529 [6194 [6363]] [6548]]]] [6992 [7013 [7038]]]]] [7183 [7316 [7595]]]] [8625 [7851 [7989 [8158 [8046] [8382 [8582 [8583]]]]]] [9464 [9422 [9162 [8988 [8837 [8806 [8748]]] [9012]] [9253 [9267 [9257]]]]] [9612 [9907 [9729]]]]]]]]]]
size is 104
Duplicates: 0
Nodes: 104
Minimum depth: 2
Maximum depth: 12
