size is 6289
GST:
0: 592(592)X
1: 355(592)L 5346(592)R
2: 97(355)L 3450(5346)L 7376(5346)R
3: =19(97)L 1284(3450)L 3974(3450)R 7200(7376)L 9558(7376)R
4: 1015(1284)L 1339(1284)R 3783(3974)L 4038(3974)R 6275(7200)L 8627(9558)L 9910(9558)R
5: 896(1015)L 2513(1339)R =3500(3783)L 3787(3783)R =3991(4038)L 4665(4038)R 6210(6275)L 6432(6275)R 8360(8627)L 9075(8627)R 9803(9910)L
6: 762(896)L 2280(2513)L 3150(2513)R 3918(3787)R 4752(4665)R 5706(6210)L =6257(6210)R 6650(6432)R 8183(8360)L 8874(9075)L 9735(9803)L
7: =763(762)R 1376(2280)L 2427(2280)R 2923(3150)L 3324(3150)R =3856(3918)L 5207(4752)R 5741(5706)R 7052(6650)R 8167(8183)L 8277(8183)R =8862(8874)L =8912(8874)R =9653(9735)L =9771(9735)R
8: 1926(1376)R =2281(2427)L 2946(2923)R 3188(3324)L =3332(3324)R =4817(5207)L 5248(5207)R 5852(5741)R 6930(7052)L 8035(8167)L 8328(8277)R
9: 1683(1926)L 1999(1926)R 3053(2946)R 3249(3188)R 5275(5248)R 5799(5852)L 5979(5852)R =7044(6930)R 7450(8035)L =8333(8328)R
10: 1658(1683)L =1944(1999)L =3003(3053)L =3219(3249)L =5312(5275)R =5815(5799)R 6019(5979)R 7754(7450)R
11: 1429(1658)L 6083(6019)R 7562(7754)L
12: =1421(1429)L =6025(6083)L =7466(7562)L 7629(7562)R
13: =7580(7629)L
debug: [592 [355 [97 [19]]] [5346 [3450 [1284 [1015 [896 [762 [763]]]] [1339 [2513 [2280 [1376 [1926 [1683 [1658 [1429 [1421]]]] [1999 [1944]]]] [2427 [2281]]] [3150 [2923 [2946 [3053 [3003]]]] [3324 [3188 [3249 [3219]]] [3332]]]]]] [3974 [3783 [3500] [3787 [3918 [3856]]]] [4038 [3991] [4665 [4752 [5207 [4817] [5248 [5275 [5312]]]]]]]]] [7376 [7200 [6275 [6210 [5706 [5741 [5852 [5799 [5815]] [5979 [6019 [6083 [6025]]]]]]] [6257]] [6432 [6650 [7052 [6930 [7044]]]]]]] [9558 [8627 [8360 [8183 [8167 [8035 [7450 [7754 [7562 [7466] [7629 [7580]]]]]]] [8277 [8328 [8333]]]]] [9075 [8874 [8862] [8912]]]] [9910 [9803 [9735 [9653] [9771]]]]]]]]
size is 92
Duplicates: 0
Nodes: 92
Minimum depth: 1
Maximum depth: 13
