size is 6303
GST:
0: 3940(3940)X
1: 564(3940)L 8170(3940)R
2: 292(564)L 3358(564)R 5421(8170)L 9641(8170)R
3: =159(292)L 502(292)R 2744(3358)L 3693(3358)R 4030(5421)L 7851(5421)R 8897(9641)L 9835(9641)R
4: 507(502)R 2301(2744)L 3121(2744)R 3550(3693)L =3782(3693)R 4581(4030)R 6391(7851)L 7935(7851)R 8637(8897)L 9483(8897)R =9766(9835)L 9912(9835)R
5: =521(507)R 1378(2301)L 2402(2301)R 2829(3121)L 3125(3121)R 3405(3550)L =3574(3550)R 4453(4581)L 4990(4581)R 6047(6391)L 7262(6391)R 7873(7935)L 8527(8637)L 8743(8637)R 9420(9483)L 9519(9483)R =9854(9912)L =9995(9912)R
6: 1208(1378)L 1966(1378)R 2556(2402)R =2754(2829)L =3267(3125)R 3495(3405)R 4330(4453)L 4758(4990)L =5016(4990)R 5508(6047)L 6541(7262)L 7426(7262)R =7934(7873)R 8382(8527)L =8656(8743)L =8791(8743)R =9016(9420)L =9487(9519)L
7: 959(1208)L 1284(1208)R 1661(1966)L =2184(1966)R =2511(2556)L =2603(2556)R =3413(3495)L 4096(4330)L =4588(4758)L 4914(4758)R 5881(5508)R 6443(6541)L 6592(6541)R 7326(7426)L 8212(8382)L =8433(8382)R
8: 792(959)L 1022(959)R =1286(1284)R 1536(1661)L 1809(1661)R 4167(4096)R 4940(4914)R 5706(5881)L 5956(5881)R 6471(6443)R 7020(6592)R =7339(7326)R =8254(8212)R
9: 629(792)L 891(792)R =1025(1022)R 1446(1536)L 1812(1809)R =4133(4167)L =4950(4940)R 5632(5706)L =5805(5706)R 5948(5956)L =6444(6471)L 6679(7020)L =7047(7020)R
10: 685(629)R =808(891)L =1386(1446)L 1834(1812)R =5644(5632)R 5943(5948)L 6829(6679)R
11: =645(685)L =1819(1834)L =5913(5943)L 6775(6829)L
12: =6761(6775)L =6825(6775)R
debug: [3940 [564 [292 [159] [502 [507 [521]]]] [3358 [2744 [2301 [1378 [1208 [959 [792 [629 [685 [645]]] [891 [808]]] [1022 [1025]]] [1284 [1286]]] [1966 [1661 [1536 [1446 [1386]]] [1809 [1812 [1834 [1819]]]]] [2184]]] [2402 [2556 [2511] [2603]]]] [3121 [2829 [2754]] [3125 [3267]]]] [3693 [3550 [3405 [3495 [3413]]] [3574]] [3782]]]] [8170 [5421 [4030 [4581 [4453 [4330 [4096 [4167 [4133]]]]] [4990 [4758 [4588] [4914 [4940 [4950]]]] [5016]]]] [7851 [6391 [6047 [5508 [5881 [5706 [5632 [5644]] [5805]] [5956 [5948 [5943 [5913]]]]]]] [7262 [6541 [6443 [6471 [6444]]] [6592 [7020 [6679 [6829 [6775 [6761] [6825]]]] [7047]]]] [7426 [7326 [7339]]]]] [7935 [7873 [7934]]]]] [9641 [8897 [8637 [8527 [8382 [8212 [8254]] [8433]]] [8743 [8656] [8791]]] [9483 [9420 [9016]] [9519 [9487]]]] [9835 [9766] [9912 [9854] [9995]]]]]]
size is 118
Duplicates: 0
Nodes: 118
Minimum depth: 3
Maximum depth: 12
