GST:
0: 70(70)X
1: 53(70)L 101(70)R
2: 32(53)L 68(53)R 92(101)L 123(101)R
3: 27(32)L 51(32)R 58(68)L =69(68)R 75(92)L 96(92)R 122(123)L 134(123)R
4: 21(27)L 30(27)R 36(51)L =52(51)R 60(58)R 71(75)L 83(75)R =93(96)L 99(96)R 118(122)L 127(134)L 165(134)R
5: 16(21)L 24(21)R 29(30)L =31(30)R 35(36)L 37(36)R 67(60)R 72(71)R 80(83)L 84(83)R 98(99)L =100(99)R 106(118)L 120(118)R 124(127)L 129(127)R 142(165)L 171(165)R
6: 9(16)L 19(16)R =26(24)R =28(29)L =34(35)L 46(37)R 62(67)L =73(72)R 77(80)L 87(84)R =97(98)L 103(106)L 108(106)R =121(120)R 125(124)R =128(129)L =131(129)R 140(142)L 147(142)R 170(171)L 187(171)R
7: 8(9)L 12(9)R 17(19)L =20(19)R 42(46)L =64(62)R =76(77)L 78(77)R 85(87)L =91(87)R =102(103)L 104(103)R =107(108)L 111(108)R =126(125)R 138(140)L 145(147)L 155(147)R 169(170)L 176(187)L 189(187)R
8: =5(8)L =11(12)L =15(12)R =18(17)R 39(42)L =79(78)R =86(85)R =105(104)R 109(111)L 114(111)R =135(138)L 144(145)L 154(155)L 160(155)R 167(169)L 174(176)L 184(176)R =188(189)L
9: =40(39)R =110(109)R 113(114)L 116(114)R =143(144)L 152(154)L =162(160)R =168(167)R 172(174)L =175(174)R 180(184)L 185(184)R
10: =112(113)L =115(116)L =117(116)R 150(152)L =173(172)R 178(180)L =186(185)R
11: =149(150)L =179(178)R
debug: [70 [53 [32 [27 [21 [16 [9 [8 [5]] [12 [11] [15]]] [19 [17 [18]] [20]]] [24 [26]]] [30 [29 [28]] [31]]] [51 [36 [35 [34]] [37 [46 [42 [39 [40]]]]]] [52]]] [68 [58 [60 [67 [62 [64]]]]] [69]]] [101 [92 [75 [71 [72 [73]]] [83 [80 [77 [76] [78 [79]]]] [84 [87 [85 [86]] [91]]]]] [96 [93] [99 [98 [97]] [100]]]] [123 [122 [118 [106 [103 [102] [104 [105]]] [108 [107] [111 [109 [110]] [114 [113 [112]] [116 [115] [117]]]]]] [120 [121]]]] [134 [127 [124 [125 [126]]] [129 [128] [131]]] [165 [142 [140 [138 [135]]] [147 [145 [144 [143]]] [155 [154 [152 [150 [149]]]] [160 [162]]]]] [171 [170 [169 [167 [168]]]] [187 [176 [174 [172 [173]] [175]] [184 [180 [178 [179]]] [185 [186]]]] [189 [188]]]]]]]]]
size is 126
GST:
0: 70(70)X
1: 60(70)L 102(70)R
2: 32(60)L 67(60)R 93(102)L 124(102)R
3: 30(32)L 39(32)R =62(67)L 75(93)L 96(93)R 118(124)L 134(124)R
4: 24(30)L 36(39)L 86(75)R =99(96)R 117(118)L 128(134)L 165(134)R
5: 17(24)L 35(36)L =37(36)R 80(86)L 106(117)L 125(128)L 144(165)L 172(165)R
6: =9(17)L 19(17)R =34(35)L =78(80)L =103(106)L 108(106)R =126(125)R =145(144)R 170(172)L 186(172)R
7: =20(19)R =107(108)L 111(108)R 169(170)L 184(186)L
8: 114(111)R =167(169)L =173(184)L
9: 113(114)L =115(114)R
10: =112(113)L
debug: [70 [60 [32 [30 [24 [17 [9] [19 [20]]]]] [39 [36 [35 [34]] [37]]]] [67 [62]]] [102 [93 [75 [86 [80 [78]]]] [96 [99]]] [124 [118 [117 [106 [103] [108 [107] [111 [114 [113 [112]] [115]]]]]]] [134 [128 [125 [126]]] [165 [144 [145]] [172 [170 [169 [167]]] [186 [184 [173]]]]]]]]]
size is 50
Duplicates: 0
Nodes: 50
Minimum depth: 2
Maximum depth: 10
