GST:
0: 117(117)X
1: 41(117)L 123(117)R
2: 32(41)L 90(41)R 122(123)L 168(123)R
3: 23(32)L 33(32)R 64(90)L 105(90)R 121(122)L 156(168)L 187(168)R
4: 0(23)L 29(23)R 34(33)R 43(64)L 71(64)R 93(105)L 106(105)R 119(121)L 124(156)L 162(156)R 178(187)L =188(187)R
5: 9(0)R 26(29)L =31(29)R 37(34)R 56(43)R 65(71)L 79(71)R =91(93)L 96(93)R 112(106)R =118(119)L =120(119)R 149(124)R 157(162)L 164(162)R 176(178)L 180(178)R
6: 6(9)L 15(9)R =28(26)R =35(37)L 38(37)R 50(56)L 59(56)R 69(65)R 75(79)L 85(79)R 94(96)L 97(96)R 107(112)L 139(149)L 152(149)R 160(157)R 166(164)R 172(176)L 185(180)R
7: 4(6)L 14(15)L 19(15)R =39(38)R =44(50)L 51(50)R =58(59)L =60(59)R =66(69)L 74(75)L 78(75)R =84(85)L 88(85)R =95(94)R =99(97)R =111(107)R 133(139)L 148(139)R 150(152)L 153(152)R =158(160)L =167(166)R 175(172)R 184(185)L =186(185)R
8: 1(4)L =5(4)R 13(14)L 21(19)R =53(51)R =73(74)L =76(78)L =89(88)R 132(133)L 135(133)R 143(148)L =151(150)R 154(153)R =173(175)L =181(184)L
9: =3(1)R =12(13)L =20(21)L 125(132)L =134(135)L =138(135)R 141(143)L 147(143)R =155(154)R
10: 131(125)R =140(141)L 145(147)L
11: 130(131)L =144(145)L
12: =127(130)L
debug: [117 [41 [32 [23 [0 [9 [6 [4 [1 [3]] [5]]] [15 [14 [13 [12]]] [19 [21 [20]]]]]] [29 [26 [28]] [31]]] [33 [34 [37 [35] [38 [39]]]]]] [90 [64 [43 [56 [50 [44] [51 [53]]] [59 [58] [60]]]] [71 [65 [69 [66]]] [79 [75 [74 [73]] [78 [76]]] [85 [84] [88 [89]]]]]] [105 [93 [91] [96 [94 [95]] [97 [99]]]] [106 [112 [107 [111]]]]]]] [123 [122 [121 [119 [118] [120]]]] [168 [156 [124 [149 [139 [133 [132 [125 [131 [130 [127]]]]] [135 [134] [138]]] [148 [143 [141 [140]] [147 [145 [144]]]]]] [152 [150 [151]] [153 [154 [155]]]]]] [162 [157 [160 [158]]] [164 [166 [167]]]]] [187 [178 [176 [172 [175 [173]]]] [180 [185 [184 [181]] [186]]]] [188]]]]]
size is 117
Duplicates: 0
Nodes: 117
Minimum depth: 2
Maximum depth: 12
