GST:
0: 10(10)X
1: 0(10)L 11(10)R
2: 4(0)R 14(11)R
3: 1(4)L 9(4)R =12(14)L
4: =3(1)R =7(9)L
debug: [10 [0 [4 [1 [3]] [9 [7]]]] [11 [14 [12]]]]
size is 10
Duplicates: 0
Nodes: 10
Minimum depth: 1
Maximum depth: 4
