size is 6373
GST:
0: 9696(9696)X
1: 7528(9696)L 9887(9696)R
2: 3074(7528)L 7732(7528)R 9845(9887)L
3: 365(3074)L 5417(3074)R 8595(7732)R =9866(9845)R
4: 111(365)L 2597(365)R 5124(5417)L 6920(5417)R 8060(8595)L 8876(8595)R
5: =16(111)L 139(111)R 2366(2597)L 2730(2597)R 4939(5124)L 6709(6920)L 6986(6920)R 7746(8060)L 8316(8060)R =8608(8876)L 8910(8876)R
6: 267(139)R 826(2366)L 2453(2366)R =2634(2730)L 2785(2730)R 3907(4939)L 5447(6709)L 6765(6709)R 7144(6986)R 7809(7746)R 8167(8316)L =8409(8316)R 9027(8910)R
7: =175(267)L 1563(826)R =2548(2453)R =2762(2785)L 2881(2785)R 3103(3907)L 4428(3907)R 5887(5447)R =6786(6765)R 7188(7144)R 7889(7809)R 8225(8167)R 9186(9027)R
8: 895(1563)L 1593(1563)R =2855(2881)L 3304(3103)R 4075(4428)L 4811(4428)R 5654(5887)L 6203(5887)R 7262(7188)R =7827(7889)L =7892(7889)R 8221(8225)L 9431(9186)R
9: 1289(895)R 2077(1593)R 3399(3304)R 3943(4075)L 4150(4075)R =4442(4811)L =4817(4811)R 5493(5654)L =5845(5654)R 5950(6203)L 6221(6203)R 7348(7262)R =8184(8221)L 9270(9431)L 9447(9431)R
10: 979(1289)L 1374(1289)R 1903(2077)L 3659(3399)R =3917(3943)L =3969(3943)R 4305(4150)R 5498(5493)R =6017(5950)R 6245(6221)R =7268(7348)L =9212(9270)L 9579(9447)R
11: 1235(979)R =1340(1374)L 1771(1903)L 2028(1903)R 3439(3659)L =4226(4305)L =5515(5498)R 6513(6245)R =9461(9579)L
12: 1145(1235)L =1273(1235)R 1728(1771)L =1909(2028)L =3560(3439)R 6427(6513)L
13: =1151(1145)R 1664(1728)L =1762(1728)R 6352(6427)L
14: =1673(1664)R =6278(6352)L
debug: [9696 [7528 [3074 [365 [111 [16] [139 [267 [175]]]] [2597 [2366 [826 [1563 [895 [1289 [979 [1235 [1145 [1151]] [1273]]] [1374 [1340]]]] [1593 [2077 [1903 [1771 [1728 [1664 [1673]] [1762]]] [2028 [1909]]]]]]] [2453 [2548]]] [2730 [2634] [2785 [2762] [2881 [2855]]]]]] [5417 [5124 [4939 [3907 [3103 [3304 [3399 [3659 [3439 [3560]]]]]] [4428 [4075 [3943 [3917] [3969]] [4150 [4305 [4226]]]] [4811 [4442] [4817]]]]]] [6920 [6709 [5447 [5887 [5654 [5493 [5498 [5515]]] [5845]] [6203 [5950 [6017]] [6221 [6245 [6513 [6427 [6352 [6278]]]]]]]]] [6765 [6786]]] [6986 [7144 [7188 [7262 [7348 [7268]]]]]]]]] [7732 [8595 [8060 [7746 [7809 [7889 [7827] [7892]]]] [8316 [8167 [8225 [8221 [8184]]]] [8409]]] [8876 [8608] [8910 [9027 [9186 [9431 [9270 [9212]] [9447 [9579 [9461]]]]]]]]]]] [9887 [9845 [9866]]]]
size is 115
Duplicates: 0
Nodes: 115
Minimum depth: 1
Maximum depth: 14
